// Jest Snapshot v1, https://goo.gl/fbAQLP

exports[`195 1`] = `195`;

exports[`114195 1`] = `114195`;
