// Jest Snapshot v1, https://goo.gl/fbAQLP

exports[`should render an expenselistitem 1`] = `
<div
  className="expense"
>
  <Link
    replace={false}
    to="/edit/1"
  >
    <h3>
      gum
    </h3>
  </Link>
  <p>
    195
     - 
    0
  </p>
</div>
`;
